
jdd@vm12c07v02:~/ndnrtc$ ndnsec-key-gen /ndn/edu/wustl/jdd >& cert.request
jdd@vm12c07v02:~/ndnrtc$ ndnsec-cert-gen -s /ndn/edu/wustl/jdd -N /ndn/edu/wustl/jdd cert-request  > cert
jdd@vm12c07v02:~/ndnrtc$ ndnsec-cert-dump /ndn/edu/wustl/jdd > signing.cert





jdd@vm12c07v02:~/ndnrtc$ ndnsec-key-gen /ndn/edu/wustl/jdd
Bv0DEgdCCANuZG4IA2VkdQgFd3VzdGwIA2pkZAgDS0VZCBFrc2stMTQ5OTM2MTI2
MzA3NQgHSUQtQ0VSVAgJ/QAAAV0Y5T+nFAkYAQIZBAA27oAV/QF7MIIBdzAiGA8y
MDE3MDcwNjE3MTQyM1oYDzIwMzcwNzAxMTcxNDIzWjAtMCsGA1UEKRMkL25kbi9l
ZHUvd3VzdGwvamRkL2tzay0xNDk5MzYxMjYzMDc1MIIBIDANBgkqhkiG9w0BAQEF
AAOCAQ0AMIIBCAKCAQEAy0oKa4vhBhcH4ArnJsnaDLNyiS2vLeb9cZfqpLOW5eGj
q2HoC3w6RQWzpleTKqRkbEjT9ZGaiu95bZ2uOggD9KzOF7wDHG7c6ear3E5ofWg6
S61ERsXrCSwlSQOpB/2qYNiLiWFC/jD40r+uQyv5siMYi/l5vqpVrpykHvXNJ02q
B2hiXh0o/Hmy4w/ubPCYsNKVhbdoSr9p4w14khAHwh9QBe2I+i57INqno5FzyDGJ
klLCilGws5cqbzDMla7sYuz8Sw4JwuKEVr+WbaDOIw5AR9Sjr4QpwF178yJCMf/V
iDBBVlvP57JbP9o53bSDwmAtd7T4j/3RkQpcVNzRBQIBERY+GwEBHDkHNwgDbmRu
CANlZHUIBXd1c3RsCANqZGQIA0tFWQgRa3NrLTE0OTkzNjEyNjMwNzUIB0lELUNF
UlQX/QEAw0E7lGivGmBfiWp6I7vrHmP0nqMCeJm9UFwBmgvwJnawpO8oEOQJanr0
2ZuwODE5YgCK69c3uTnOg78+ip00TXWbJl+uHPnkR7hUemHccEliS0lxQyA50A0x
7IMZt3zeYsK9aDUOiOZ9/QMC1QqcWFdd0Mq3S/XzwIWcSP8icd/LXXnhf10ocv4Z
mtJrRlHRaDG/4LnTjZRPkveJ3WKrN5ILzg8dejqJf1p1gqzjOAv6Ndvka8uwjG0q
LLGynOqiqK9btrX+EvB+smQI5vO6r025ud5h7ma3cKbDZehYCV28i7LWbXIzx9n4
ibw7kJkR0lKfMOvcKgkHvNEl+4XIbA==
jdd@vm12c07v02:~/ndnrtc$ ndnsec-list
* /ndn/edu/wustl/jdd
  /localhost/operator
jdd@vm12c07v02:~/ndnrtc$ history | grep ndnsec
  107  ndnsec-list
  109  ndnsec-dump /localhost/operator > signing.cert
  110  ndnsec-cert-dump /localhost/operator > signing.cert
  111  ndnsec-cert-dump --help
  112  ndnsec-cert-dump -i /localhost/operator > signing.cert
  139  ndnsec-key-gen /ndn/edu/wustl/jdd
  140  ndnsec-list
  141  history | grep ndnsec
jdd@vm12c07v02:~/ndnrtc$ ndnsec-cert-dump /ndn/edu/wustl/jdd > signing.cert
ERROR: SecPublicInfoSqlite3::getCertificate  certificate does not exist
jdd@vm12c07v02:~/ndnrtc$ ndnsec-cert-dump -i /ndn/edu/wustl/jdd > signing.cert
ERROR: certificate not found
jdd@vm12c07v02:~/ndnrtc$ ndnsec-
ndnsec-: command not found
jdd@vm12c07v02:~/ndnrtc$ ndnsec-
ndnsec-cert-dump         ndnsec-delete            ndnsec-get-default       ndnsec-list              ndnsec-set-default
ndnsec-certgen           ndnsec-dskgen            ndnsec-import            ndnsec-ls-identity       ndnsec-sign-req
ndnsec-cert-gen          ndnsec-dsk-gen           ndnsec-install-cert      ndnsec-operator-tool     ndnsec-sig-verify
ndnsec-cert-install      ndnsec-dump-certificate  ndnsec-keygen            ndnsec-op-tool           ndnsec-unlock-tpm
ndnsec-cert-revoke       ndnsec-export            ndnsec-key-gen           ndnsec-set-acl
jdd@vm12c07v02:~/ndnrtc$ ndnsec-
ndnsec-cert-dump         ndnsec-delete            ndnsec-get-default       ndnsec-list              ndnsec-set-default
ndnsec-certgen           ndnsec-dskgen            ndnsec-import            ndnsec-ls-identity       ndnsec-sign-req
ndnsec-cert-gen          ndnsec-dsk-gen           ndnsec-install-cert      ndnsec-operator-tool     ndnsec-sig-verify
ndnsec-cert-install      ndnsec-dump-certificate  ndnsec-keygen            ndnsec-op-tool           ndnsec-unlock-tpm
ndnsec-cert-revoke       ndnsec-export            ndnsec-key-gen           ndnsec-set-acl
jdd@vm12c07v02:~/ndnrtc$ ndnsec-cert-gen
libboost_chrono.so.1.54.0      ndnrtc-client                  sample-producer.cfg            test-source-320x240.argb
libboost_regex.so.1.54.0       params.cfg                     signing.cert                   test-source-320x240.argb.tar
libboost_thread.so.1.54.0      README                         Tearing down producing...      wu-consumer.cfg
libconfig++.so.9               rule.conf                      test-source-1280x720.argb      wu-producer.cfg
libndn-cpp.so.0                sample-consumer.cfg            test-source-1280x720.argb.tar
jdd@vm12c07v02:~/ndnrtc$ ndnsec-cert-gen --help
General Usage
  ndnsec cert-gen [-h] [-S date] [-E date] [-N subject-name] [-I subject-info] [-s sign-id] [-p cert-prefix] request
General options:
  -h [ --help ]                         produce help message
  -S [ --not-before ] arg               certificate starting date,
                                        YYYYMMDDhhmmss (default: now)
  -E [ --not-after ] arg                certificate ending date, YYYYMMDDhhmmss
                                        (default: now + 365 days)
  -N [ --subject-name ] arg             subject name
  -I [ --subject-info ] arg             (deprecated, uses 'signed-info')
                                        subject info, pairs of OID and string
                                        description: "2.5.4.10 'University of
                                        California, Los Angeles'"
  --signed-info arg                     a pair of OID and string (must be
                                        separated by a single space), e.g.,
                                        "2.5.4.10 University of California, Los
                                        Angeles". May be repeated multiple
                                        times
  -s [ --sign-id ] arg (=/ndn/edu/wustl/jdd)
                                        signing identity
  -p [ --cert-prefix ] arg              cert prefix, which is the part of
                                        certificate name before KEY component
  -r [ --request ] arg (=-)             request file name, - for stdin

jdd@vm12c07v02:~/ndnrtc$ ndnsec-
ndnsec-cert-dump         ndnsec-delete            ndnsec-get-default       ndnsec-list              ndnsec-set-default
ndnsec-certgen           ndnsec-dskgen            ndnsec-import            ndnsec-ls-identity       ndnsec-sign-req
ndnsec-cert-gen          ndnsec-dsk-gen           ndnsec-install-cert      ndnsec-operator-tool     ndnsec-sig-verify
ndnsec-cert-install      ndnsec-dump-certificate  ndnsec-keygen            ndnsec-op-tool           ndnsec-unlock-tpm
ndnsec-cert-revoke       ndnsec-export            ndnsec-key-gen           ndnsec-set-acl
jdd@vm12c07v02:~/ndnrtc$ ndnsec-cert
ndnsec-cert-dump     ndnsec-certgen       ndnsec-cert-gen      ndnsec-cert-install  ndnsec-cert-revoke
jdd@vm12c07v02:~/ndnrtc$ ndnsec-cert-gen -s /ndn/edu/wustl/jdd
ERROR: subject name must be specified

General Usage
  ndnsec cert-gen [-h] [-S date] [-E date] [-N subject-name] [-I subject-info] [-s sign-id] [-p cert-prefix] request
General options:
  -h [ --help ]                         produce help message
  -S [ --not-before ] arg               certificate starting date,
                                        YYYYMMDDhhmmss (default: now)
  -E [ --not-after ] arg                certificate ending date, YYYYMMDDhhmmss
                                        (default: now + 365 days)
  -N [ --subject-name ] arg             subject name
  -I [ --subject-info ] arg             (deprecated, uses 'signed-info')
                                        subject info, pairs of OID and string
                                        description: "2.5.4.10 'University of
                                        California, Los Angeles'"
  --signed-info arg                     a pair of OID and string (must be
                                        separated by a single space), e.g.,
                                        "2.5.4.10 University of California, Los
                                        Angeles". May be repeated multiple
                                        times
  -s [ --sign-id ] arg (=/ndn/edu/wustl/jdd)
                                        signing identity
  -p [ --cert-prefix ] arg              cert prefix, which is the part of
                                        certificate name before KEY component
  -r [ --request ] arg (=-)             request file name, - for stdin

jdd@vm12c07v02:~/ndnrtc$ ndnsec-cert-gen -s /ndn/edu/wustl/jdd /ndn/edu/wustl/jdd
ERROR: subject name must be specified

General Usage
  ndnsec cert-gen [-h] [-S date] [-E date] [-N subject-name] [-I subject-info] [-s sign-id] [-p cert-prefix] request
General options:
  -h [ --help ]                         produce help message
  -S [ --not-before ] arg               certificate starting date,
                                        YYYYMMDDhhmmss (default: now)
  -E [ --not-after ] arg                certificate ending date, YYYYMMDDhhmmss
                                        (default: now + 365 days)
  -N [ --subject-name ] arg             subject name
  -I [ --subject-info ] arg             (deprecated, uses 'signed-info')
                                        subject info, pairs of OID and string
                                        description: "2.5.4.10 'University of
                                        California, Los Angeles'"
  --signed-info arg                     a pair of OID and string (must be
                                        separated by a single space), e.g.,
                                        "2.5.4.10 University of California, Los
                                        Angeles". May be repeated multiple
                                        times
  -s [ --sign-id ] arg (=/ndn/edu/wustl/jdd)
                                        signing identity
  -p [ --cert-prefix ] arg              cert prefix, which is the part of
                                        certificate name before KEY component
  -r [ --request ] arg (=-)             request file name, - for stdin


▽
Bv0DEgdCCANuZG4IA2VkdQgFd3VzdGwIA2pkZAgDS0VZCBFrc2stMTQ5OTM2MTI2
jdd@vm12c07v02:~/ndnrtc$ ndnsec-cert-gen -s /ndn/edu/wustl/jdd
ERROR: subject name must be specified

General Usage
  ndnsec cert-gen [-h] [-S date] [-E date] [-N subject-name] [-I subject-info] [-s sign-id] [-p cert-prefix] request
General options:
  -h [ --help ]                         produce help message
  -S [ --not-before ] arg               certificate starting date,
                                        YYYYMMDDhhmmss (default: now)
  -E [ --not-after ] arg                certificate ending date, YYYYMMDDhhmmss
                                        (default: now + 365 days)
  -N [ --subject-name ] arg             subject name
  -I [ --subject-info ] arg             (deprecated, uses 'signed-info')
                                        subject info, pairs of OID and string
                                        description: "2.5.4.10 'University of
                                        California, Los Angeles'"
  --signed-info arg                     a pair of OID and string (must be
                                        separated by a single space), e.g.,
                                        "2.5.4.10 University of California, Los
                                        Angeles". May be repeated multiple
                                        times
  -s [ --sign-id ] arg (=/ndn/edu/wustl/jdd)
                                        signing identity
  -p [ --cert-prefix ] arg              cert prefix, which is the part of
                                        certificate name before KEY component
  -r [ --request ] arg (=-)             request file name, - for stdin

jdd@vm12c07v02:~/ndnrtc$ vi cert-request
jdd@vm12c07v02:~/ndnrtc$ ndnsec-cert-gen -s /ndn/edu/wustl/jdd cert-request
ERROR: subject name must be specified

General Usage
  ndnsec cert-gen [-h] [-S date] [-E date] [-N subject-name] [-I subject-info] [-s sign-id] [-p cert-prefix] request
General options:
  -h [ --help ]                         produce help message
  -S [ --not-before ] arg               certificate starting date,
                                        YYYYMMDDhhmmss (default: now)
  -E [ --not-after ] arg                certificate ending date, YYYYMMDDhhmmss
                                        (default: now + 365 days)
  -N [ --subject-name ] arg             subject name
  -I [ --subject-info ] arg             (deprecated, uses 'signed-info')
                                        subject info, pairs of OID and string
                                        description: "2.5.4.10 'University of
                                        California, Los Angeles'"
  --signed-info arg                     a pair of OID and string (must be
                                        separated by a single space), e.g.,
                                        "2.5.4.10 University of California, Los
                                        Angeles". May be repeated multiple
                                        times
  -s [ --sign-id ] arg (=/ndn/edu/wustl/jdd)
                                        signing identity
  -p [ --cert-prefix ] arg              cert prefix, which is the part of
                                        certificate name before KEY component
  -r [ --request ] arg (=-)             request file name, - for stdin

jdd@vm12c07v02:~/ndnrtc$ ndnsec-cert-gen -s /ndn/edu/wustl/jdd -N /ndn/edu/wustl/jdd cert-request
Bv0DAAdCCANuZG4IA2VkdQgFd3VzdGwIA2pkZAgDS0VZCBFrc2stMTQ5OTM2MTI2
MzA3NQgHSUQtQ0VSVAgJ/QAAAV0Y6W43FAkYAQIZBAA27oAV/QFpMIIBZTAiGA8y
MDE3MDcwNjE3MTg1N1oYDzIwMTgwNzA2MTcxODU3WjAbMBkGA1UEKRMSL25kbi9l
ZHUvd3VzdGwvamRkMIIBIDANBgkqhkiG9w0BAQEFAAOCAQ0AMIIBCAKCAQEAy0oK
a4vhBhcH4ArnJsnaDLNyiS2vLeb9cZfqpLOW5eGjq2HoC3w6RQWzpleTKqRkbEjT
9ZGaiu95bZ2uOggD9KzOF7wDHG7c6ear3E5ofWg6S61ERsXrCSwlSQOpB/2qYNiL
iWFC/jD40r+uQyv5siMYi/l5vqpVrpykHvXNJ02qB2hiXh0o/Hmy4w/ubPCYsNKV
hbdoSr9p4w14khAHwh9QBe2I+i57INqno5FzyDGJklLCilGws5cqbzDMla7sYuz8
Sw4JwuKEVr+WbaDOIw5AR9Sjr4QpwF178yJCMf/ViDBBVlvP57JbP9o53bSDwmAt
d7T4j/3RkQpcVNzRBQIBERY+GwEBHDkHNwgDbmRuCANlZHUIBXd1c3RsCANqZGQI
A0tFWQgRa3NrLTE0OTkzNjEyNjMwNzUIB0lELUNFUlQX/QEAUOPYwZ94dFIXNt1O
AeA8dDLTKL3ifgo8EPApGQGR6XJ7jUfjtpQ3hmCEv5e4XALKc/+cRExqmbfTrdRW
hZTwyjIM8VJUSnqVobR3Ry9fWTVjShh60gDjaR11IJwrUVBh9l6BcOxpjmf09rQd
r2BwURSRWNpSyI+8SjhpbrkXPyTFJ4XUTPmtbjIrQIcnN0/ZD+J7TcZuiqVujzpQ
eAOm/fDkXKNNhpGKfqClTKH5EksC1WWhiYeK9orFlJACdNdQkxvolhOsmUO6N6bY
SCu5Hy0+UngbviOjY3RCvmIGQRhtMSoZAf0m2Wr5c8uuMqSUkYCnLN5vkIOTln0X
wBXWag==
jdd@vm12c07v02:~/ndnrtc$ ndnsec-cert-gen -s /ndn/edu/wustl/jdd -N /ndn/edu/wustl/jdd cert-request
Bv0DAAdCCANuZG4IA2VkdQgFd3VzdGwIA2pkZAgDS0VZCBFrc2stMTQ5OTM2MTI2
MzA3NQgHSUQtQ0VSVAgJ/QAAAV0Y6YFSFAkYAQIZBAA27oAV/QFpMIIBZTAiGA8y
MDE3MDcwNjE3MTkwMloYDzIwMTgwNzA2MTcxOTAyWjAbMBkGA1UEKRMSL25kbi9l
ZHUvd3VzdGwvamRkMIIBIDANBgkqhkiG9w0BAQEFAAOCAQ0AMIIBCAKCAQEAy0oK
a4vhBhcH4ArnJsnaDLNyiS2vLeb9cZfqpLOW5eGjq2HoC3w6RQWzpleTKqRkbEjT
9ZGaiu95bZ2uOggD9KzOF7wDHG7c6ear3E5ofWg6S61ERsXrCSwlSQOpB/2qYNiL
iWFC/jD40r+uQyv5siMYi/l5vqpVrpykHvXNJ02qB2hiXh0o/Hmy4w/ubPCYsNKV
hbdoSr9p4w14khAHwh9QBe2I+i57INqno5FzyDGJklLCilGws5cqbzDMla7sYuz8
Sw4JwuKEVr+WbaDOIw5AR9Sjr4QpwF178yJCMf/ViDBBVlvP57JbP9o53bSDwmAt
d7T4j/3RkQpcVNzRBQIBERY+GwEBHDkHNwgDbmRuCANlZHUIBXd1c3RsCANqZGQI
A0tFWQgRa3NrLTE0OTkzNjEyNjMwNzUIB0lELUNFUlQX/QEAieqAyveqeYq9uy7X
E7MaOiCvrnmPsyzAPjYXKsqfGDZhu/HPhDoZsjr/3CgP1xXOo3taAh30qorKNgZB
5U+bTcXd1Ui5O2pcgW7DWR7HBsKd8D4fgbHaejqbE8TR2sgK/AkO6GYANCFsaeGK
+YbfinXKt2hGq+QML6NqanLGcKZKeQCncx45SBLP2JsCfZBXPhP0c+y9UV9GNGVX
lrR/31K53kWDBj+17AHrXjeJAeq+eNxY36Cbyl8BvcYvFeIifxWVjwNZLKgHaKed
+fWN/Aq+/KheZwscUoQDwezWeB5mpzL3qS6QBmlBfwdOfzSn3guUNmYBz3sMB2KA
WMSeRA==
jdd@vm12c07v02:~/ndnrtc$ ndnsec-cert-gen -s /ndn/edu/wustl/jdd -N /ndn/edu/wustl/jdd cert-request  > cert
jdd@vm12c07v02:~/ndnrtc$ ndnsec-list
* /ndn/edu/wustl/jdd
  /localhost/operator
jdd@vm12c07v02:~/ndnrtc$ history | grep dump
  109  ndnsec-dump /localhost/operator > signing.cert
  110  ndnsec-cert-dump /localhost/operator > signing.cert
  111  ndnsec-cert-dump --help
  112  ndnsec-cert-dump -i /localhost/operator > signing.cert
  142  ndnsec-cert-dump /ndn/edu/wustl/jdd > signing.cert
  143  ndnsec-cert-dump -i /ndn/edu/wustl/jdd > signing.cert
  154  history | grep dump
jdd@vm12c07v02:~/ndnrtc$ !143
ndnsec-cert-dump -i /ndn/edu/wustl/jdd > signing.cert
jdd@vm12c07v02:~/ndnrtc$ k^C
jdd@vm12c07v02:~/ndnrtc$ history | grep dump^C
jdd@vm12c07v02:~/ndnrtc$ history | grep ndnrtc
   67  mkdir ndnrtc
   68  mv ndnrtc-headless-bundle.zip ndnrtc
   69  cd ndnrtc
   70  unzip ndnrtc-headless-bundle.zip
   73  rm ndnrtc-headless-bundle.zip
   75  rmdir ndnrtc/
   77  tar -zxf ndnrtc.tgz
   79  cd ndnrtc/
   81  ./ndnrtc-client --help
   85  ./ndnrtc-client --help
   92  ./ndnrtc-client --help
   95  ./ndnrtc-client --help
  116  ./ndnrtc-client -c wu-producer.cfg -p rule.conf -t 30 -s /localhost/operator
  127  ./ndnrtc-client -c wu-producer.cfg -p rule.conf -t 30 -s /localhost/operator
  133  ./ndnrtc-client -c wu-producer.cfg -p rule.conf -t 30 -s /localhost/operator
  136  strings ndnrtc-client | grep consumer
  137  ./ndnrtc-client -c wu-producer.cfg -p rule.conf -t 30 -s /localhost/operator
  156  history | grep ndnrtc
jdd@vm12c07v02:~/ndnrtc$ ndnr^C
jdd@vm12c07v02:~/ndnrtc$ ./ndnrtc-client -c wu-producer.cfg -p rule.conf -t 30 -s /ndn/edu/wustl/jdd
1499361601789	[INFO ]: Starting headless client... Params:
	log level: 3
	run time: 30
	config file: wu-producer.cfg
	signing identity: /ndn/edu/wustl/jdd
	policy file: rule.conf
	statistics sampling: 100
	instance name: client0
1499361601794	[INFO ]: Instance identity /ndn/edu/wustl/jdd/client0
1499361602116	[INFO ]: Instance certificate /ndn/edu/wustl/jdd/client0/KEY/ksk-1499361602/ID-CERT/%FD%00%00%01%5D%18%EAjA
1499361602116	[INFO ]: Run time is set to 30 seconds, loading params from wu-producer.cfg...
1499361602116	[INFO ]: Consumer configuration was not found
1499361602116	[INFO ]: Parameters loaded
1499361602125	[INFO ]: Successfully registered prefix /ndn/edu/wustl/jdd/client0
1499361602143	[INFO ]: sourcing video from test-source-320x240.argb started (capturing rate 30)
1499361602144	[INFO ]: Set up publishing stream /ndn/edu/wustl/jdd/client0:camera
1499361602144	[INFO ]: Publishing 1 stream(s) total
1499361632174	[INFO ]: sourcing video from test-source-320x240.argb stopped
1499361632174	[INFO ]: ...stopped publishing /ndn/edu/wustl/jdd/client0/ndnrtc/%FD%02/video/camera
1499361633083	[INFO ]: Client run completed
ndnrtc-client: /usr/include/boost/thread/pthread/recursive_mutex.hpp:101: boost::recursive_mutex::~recursive_mutex(): Assertion `!pthread_mutex_destroy(&m)' failed.
Aborted (core dumped)
jdd@vm12c07v02:~/ndnrtc$ ./ndnrtc-client -c wu-producer.cfg -p rule.conf -t 30 -s /ndn/edu/wustl/jdd
1499361670656	[INFO ]: Starting headless client... Params:
	log level: 3
	run time: 30
	config file: wu-producer.cfg
	signing identity: /ndn/edu/wustl/jdd
	policy file: rule.conf
	statistics sampling: 100
	instance name: client0
1499361670661	[INFO ]: Instance identity /ndn/edu/wustl/jdd/client0
1499361670735	[INFO ]: Instance certificate /ndn/edu/wustl/jdd/client0/KEY/ksk-1499361671/ID-CERT/%FD%00%00%01%5D%18%EBvL
1499361670735	[INFO ]: Run time is set to 30 seconds, loading params from wu-producer.cfg...
1499361670735	[INFO ]: Consumer configuration was not found
1499361670735	[INFO ]: Parameters loaded
1499361670746	[INFO ]: Successfully registered prefix /ndn/edu/wustl/jdd/client0
1499361670760	[INFO ]: sourcing video from test-source-320x240.argb started (capturing rate 30)
1499361670760	[INFO ]: Set up publishing stream /ndn/edu/wustl/jdd/client0:camera
1499361670760	[INFO ]: Publishing 1 stream(s) total
1499361700760	[INFO ]: sourcing video from test-source-320x240.argb stopped
1499361700760	[INFO ]: ...stopped publishing /ndn/edu/wustl/jdd/client0/ndnrtc/%FD%02/video/camera
1499361701700	[INFO ]: Client run completed
ndnrtc-client: /usr/include/boost/thread/pthread/recursive_mutex.hpp:101: boost::recursive_mutex::~recursive_mutex(): Assertion `!pthread_mutex_destroy(&m)' failed.
Aborted (core dumped)
jdd@vm12c07v02:~/ndnrtc$ ./ndnrtc-client -c wu-producer.cfg -p rule.conf -t 30 -s /ndn/edu/wustl/jdd
1499361714078	[INFO ]: Starting headless client... Params:
	log level: 3
	run time: 30
	config file: wu-producer.cfg
	signing identity: /ndn/edu/wustl/jdd
	policy file: rule.conf
	statistics sampling: 100
	instance name: client0
1499361714083	[INFO ]: Instance identity /ndn/edu/wustl/jdd/client0
1499361714195	[INFO ]: Instance certificate /ndn/edu/wustl/jdd/client0/KEY/ksk-1499361715/ID-CERT/%FD%00%00%01%5D%18%EC%20%10
1499361714195	[INFO ]: Run time is set to 30 seconds, loading params from wu-producer.cfg...
1499361714195	[INFO ]: Consumer configuration was not found
1499361714195	[INFO ]: Parameters loaded
1499361714206	[INFO ]: Successfully registered prefix /ndn/edu/wustl/jdd/client0
1499361714219	[INFO ]: sourcing video from test-source-320x240.argb started (capturing rate 30)
1499361714219	[INFO ]: Set up publishing stream /ndn/edu/wustl/jdd/client0:camera
1499361714219	[INFO ]: Publishing 1 stream(s) total
1499361744219	[INFO ]: sourcing video from test-source-320x240.argb stopped
1499361744219	[INFO ]: ...stopped publishing /ndn/edu/wustl/jdd/client0/ndnrtc/%FD%02/video/camera
1499361745071	[INFO ]: Client run completed
ndnrtc-client: /usr/include/boost/thread/pthread/recursive_mutex.hpp:101: boost::recursive_mutex::~recursive_mutex(): Assertion `!pthread_mutex_destroy(&m)' failed.
Aborted (core dumped)
jdd@vm12c07v02:~/ndnrtc$ ./ndnrtc-client -c wu-producer.cfg -p rule.conf -t 30 -s /ndn/edu/wustl/jdd
1499361803892	[INFO ]: Starting headless client... Params:
	log level: 3
	run time: 30
	config file: wu-producer.cfg
	signing identity: /ndn/edu/wustl/jdd
	policy file: rule.conf
	statistics sampling: 100
	instance name: client0
1499361803898	[INFO ]: Instance identity /ndn/edu/wustl/jdd/client0
1499361804056	[INFO ]: Instance certificate /ndn/edu/wustl/jdd/client0/KEY/ksk-1499361804/ID-CERT/%FD%00%00%01%5D%18%ED%7F%14
1499361804056	[INFO ]: Run time is set to 30 seconds, loading params from wu-producer.cfg...
1499361804057	[INFO ]: Consumer configuration was not found
1499361804058	[INFO ]: Parameters loaded
1499361804069	[INFO ]: Successfully registered prefix /ndn/edu/wustl/jdd/client0
1499361804082	[INFO ]: sourcing video from test-source-320x240.argb started (capturing rate 30)
1499361804082	[INFO ]: Set up publishing stream /ndn/edu/wustl/jdd/client0:camera
1499361804083	[INFO ]: Publishing 1 stream(s) total
1499361834113	[INFO ]: sourcing video from test-source-320x240.argb stopped
1499361834113	[INFO ]: ...stopped publishing /ndn/edu/wustl/jdd/client0/ndnrtc/%FD%02/video/camera
1499361835023	[INFO ]: Client run completed
ndnrtc-client: /usr/include/boost/thread/pthread/recursive_mutex.hpp:101: boost::recursive_mutex::~recursive_mutex(): Assertion `!pthread_mutex_destroy(&m)' failed.
Aborted (core dumped)
jdd@vm12c07v02:~/ndnrtc$ ./ndnrtc-client -c wu-producer.cfg -p rule.conf -t 30 -s /ndn/edu/wustl/jdd
1499361845266	[INFO ]: Starting headless client... Params:
	log level: 3
	run time: 30
	config file: wu-producer.cfg
	signing identity: /ndn/edu/wustl/jdd
	policy file: rule.conf
	statistics sampling: 100
	instance name: client0
1499361845271	[INFO ]: Instance identity /ndn/edu/wustl/jdd/client0
1499361845380	[INFO ]: Instance certificate /ndn/edu/wustl/jdd/client0/KEY/ksk-1499361846/ID-CERT/%FD%00%00%01%5D%18%EE%20%81
1499361845380	[INFO ]: Run time is set to 30 seconds, loading params from wu-producer.cfg...
1499361845380	[INFO ]: Consumer configuration was not found
1499361845381	[INFO ]: Parameters loaded
1499361845392	[INFO ]: Successfully registered prefix /ndn/edu/wustl/jdd/client0
1499361845405	[INFO ]: sourcing video from test-source-320x240.argb started (capturing rate 30)
1499361845405	[INFO ]: Set up publishing stream /ndn/edu/wustl/jdd/client0:camera
1499361845405	[INFO ]: Publishing 1 stream(s) total
1499361875424	[INFO ]: sourcing video from test-source-320x240.argb stopped
1499361875424	[INFO ]: ...stopped publishing /ndn/edu/wustl/jdd/client0/ndnrtc/%FD%02/video/camera
1499361876345	[INFO ]: Client run completed
ndnrtc-client: /usr/include/boost/thread/pthread/recursive_mutex.hpp:101: boost::recursive_mutex::~recursive_mutex(): Assertion `!pthread_mutex_destroy(&m)' failed.
Aborted (core dumped)
jdd@vm12c07v02:~/ndnrtc$ ./ndnrtc-client -c wu-producer.cfg -p rule.conf -t 30 -s /ndn/edu/wustl/jdd
1499361894392	[INFO ]: Starting headless client... Params:
	log level: 3
	run time: 30
	config file: wu-producer.cfg
	signing identity: /ndn/edu/wustl/jdd
	policy file: rule.conf
	statistics sampling: 100
	instance name: client0
1499361894398	[INFO ]: Instance identity /ndn/edu/wustl/jdd/client0
1499361894507	[INFO ]: Instance certificate /ndn/edu/wustl/jdd/client0/KEY/ksk-1499361895/ID-CERT/%FD%00%00%01%5D%18%EE%E0i
1499361894508	[INFO ]: Run time is set to 30 seconds, loading params from wu-producer.cfg...
1499361894508	[INFO ]: Consumer configuration was not found
1499361894508	[INFO ]: Parameters loaded
1499361894520	[INFO ]: Successfully registered prefix /ndn/edu/wustl/jdd/client0
1499361894530	[INFO ]: sourcing video from test-source-320x240.argb started (capturing rate 30)
1499361894530	[INFO ]: Set up publishing stream /ndn/edu/wustl/jdd/client0:camera
1499361894530	[INFO ]: Publishing 1 stream(s) total
^C
jdd@vm12c07v02:~/ndnrtc$ ./ndnrtc-client -c wu-producer.cfg -p rule.conf -t 30 -s /ndn/edu/wustl/jdd
1499361915782	[INFO ]: Starting headless client... Params:
	log level: 3
	run time: 30
	config file: wu-producer.cfg
	signing identity: /ndn/edu/wustl/jdd
	policy file: rule.conf
	statistics sampling: 100
	instance name: client0
1499361915788	[INFO ]: Instance identity /ndn/edu/wustl/jdd/client0
1499361915871	[INFO ]: Instance certificate /ndn/edu/wustl/jdd/client0/KEY/ksk-1499361916/ID-CERT/%FD%00%00%01%5D%18%EF3%DA
1499361915871	[INFO ]: Run time is set to 30 seconds, loading params from wu-producer.cfg...
1499361915872	[INFO ]: Consumer configuration was not found
1499361915872	[INFO ]: Parameters loaded
1499361915884	[INFO ]: Successfully registered prefix /ndn/edu/wustl/jdd/client0
1499361915902	[INFO ]: sourcing video from test-source-320x240.argb started (capturing rate 30)
1499361915902	[INFO ]: Set up publishing stream /ndn/edu/wustl/jdd/client0:camera
1499361915902	[INFO ]: Publishing 1 stream(s) total
^C
jdd@vm12c07v02:~/ndnrtc$ ^C
jdd@vm12c07v02:~/ndnrtc$ nfdc fib list
FIB:
  / nexthops={faceid=262 (cost=0)}
  /localhost/nfd/rib nexthops={faceid=260 (cost=0)}
  /localhop/nfd nexthops={faceid=262 (cost=0)}
  /localhop/nfd/rib nexthops={faceid=260 (cost=0)}
  /localhost/nfd nexthops={faceid=1 (cost=0), faceid=262 (cost=0)}
jdd@vm12c07v02:~/ndnrtc$ ./ndnrtc-client -c wu-producer.cfg -p rule.conf -t 30 -s /ndn/edu/wustl/jdd
1499362616402	[INFO ]: Starting headless client... Params:
	log level: 3
	run time: 30
	config file: wu-producer.cfg
	signing identity: /ndn/edu/wustl/jdd
	policy file: rule.conf
	statistics sampling: 100
	instance name: client0
1499362616408	[INFO ]: Instance identity /ndn/edu/wustl/jdd/client0
1499362616471	[INFO ]: Instance certificate /ndn/edu/wustl/jdd/client0/KEY/ksk-1499362617/ID-CERT/%FD%00%00%01%5D%18%F9%E4%94
1499362616471	[INFO ]: Run time is set to 30 seconds, loading params from wu-producer.cfg...
1499362616471	[INFO ]: Consumer configuration was not found
1499362616471	[INFO ]: Parameters loaded
1499362616481	[INFO ]: Successfully registered prefix /ndn/edu/wustl/jdd/client0
1499362616495	[INFO ]: sourcing video from test-source-320x240.argb started (capturing rate 30)
1499362616496	[INFO ]: Set up publishing stream /ndn/edu/wustl/jdd/client0:camera
1499362616496	[INFO ]: Publishing 1 stream(s) total
1499362646526	[INFO ]: sourcing video from test-source-320x240.argb stopped
1499362646526	[INFO ]: ...stopped publishing /ndn/edu/wustl/jdd/client0/ndnrtc/%FD%02/video/camera
1499362647406	[INFO ]: Client run completed
ndnrtc-client: /usr/include/boost/thread/pthread/recursive_mutex.hpp:101: boost::recursive_mutex::~recursive_mutex(): Assertion `!pthread_mutex_destroy(&m)' failed.
Aborted (core dumped)

▽
jdd@vm12c07v02:~/ndnrtc$ ./ndnrtc-client -c wu-producer.cfg -p rule.conf -t 30 -s /ndn/edu/wustl/jdd
1499362851611	[INFO ]: Starting headless client... Params:
	log level: 3
	run time: 30
	config file: wu-producer.cfg
	signing identity: /ndn/edu/wustl/jdd
	policy file: rule.conf
	statistics sampling: 100
	instance name: client0
1499362851616	[INFO ]: Instance identity /ndn/edu/wustl/jdd/client0
1499362851684	[INFO ]: Instance certificate /ndn/edu/wustl/jdd/client0/KEY/ksk-1499362852/ID-CERT/%FD%00%00%01%5D%18%FD%7Bb
1499362851685	[INFO ]: Run time is set to 30 seconds, loading params from wu-producer.cfg...
1499362851685	[INFO ]: Consumer configuration was not found
1499362851685	[INFO ]: Parameters loaded
1499362851696	[INFO ]: Successfully registered prefix /ndn/edu/wustl/jdd/client0
1499362851708	[INFO ]: sourcing video from test-source-320x240.argb started (capturing rate 30)
1499362851709	[INFO ]: Set up publishing stream /ndn/edu/wustl/jdd/client0:camera
1499362851710	[INFO ]: Publishing 1 stream(s) total
1499362881740	[INFO ]: sourcing video from test-source-320x240.argb stopped
1499362881740	[INFO ]: ...stopped publishing /ndn/edu/wustl/jdd/client0/ndnrtc/%FD%02/video/camera
1499362882616	[INFO ]: Client run completed
ndnrtc-client: /usr/include/boost/thread/pthread/recursive_mutex.hpp:101: boost::recursive_mutex::~recursive_mutex(): Assertion `!pthread_mutex_destroy(&m)' failed.
Aborted (core dumped)
jdd@vm12c07v02:~/ndnrtc$ vi wu-producer.cfg
jdd@vm12c07v02:~/ndnrtc$ ndnpingserver /ndn/edu/wustl/edu/jdd
PING SERVER /ndn/edu/wustl/edu/jdd
^C
--- ping server /ndn/edu/wustl/edu/jdd ---
0 packets processed
jdd@vm12c07v02:~/ndnrtc$ ndnpingserver /ndn/edu/wustl/edu/jdd
PING SERVER /ndn/edu/wustl/edu/jdd
^C
--- ping server /ndn/edu/wustl/edu/jdd ---
0 packets processed
jdd@vm12c07v02:~/ndnrtc$ nfdc fib list
FIB:
  / nexthops={faceid=262 (cost=0)}
  /localhost/nfd/rib nexthops={faceid=260 (cost=0)}
  /localhop/nfd nexthops={faceid=262 (cost=0)}
  /localhop/nfd/rib nexthops={faceid=260 (cost=0)}
  /localhost/nfd nexthops={faceid=1 (cost=0), faceid=262 (cost=0)}
jdd@vm12c07v02:~/ndnrtc$ nfdc face list
Faces:
  faceid=1 remote=internal:// local=internal:// counters={in={0i 165d 0n 112841B} out={243i 0d 0n 38472B}} local permanent point-to-point flags={local-fields}
  faceid=254 remote=contentstore:// local=contentstore:// counters={in={0i 0d 0n 0B} out={0i 0d 0n 0B}} local permanent point-to-point flags={}
  faceid=255 remote=null:// local=null:// counters={in={0i 0d 0n 0B} out={0i 0d 0n 0B}} local permanent point-to-point flags={}
  faceid=256 remote=ether://[01:00:5e:00:17:aa] local=dev://control counters={in={0i 0d 0n 0B} out={0i 0d 0n 0B}} non-local permanent multi-access flags={}
  faceid=257 remote=ether://[01:00:5e:00:17:aa] local=dev://data1 counters={in={0i 0d 0n 0B} out={0i 0d 0n 0B}} non-local permanent multi-access flags={}
  faceid=258 remote=udp4://224.0.23.170:56363 local=udp4://10.0.24.146:56363 counters={in={0i 0d 0n 0B} out={0i 0d 0n 0B}} non-local permanent multi-access flags={}
  faceid=259 remote=udp4://224.0.23.170:56363 local=udp4://192.168.4.2:56363 counters={in={0i 0d 0n 0B} out={0i 0d 0n 0B}} non-local permanent multi-access flags={}
  faceid=260 remote=fd://28 local=unix:///run/nfd.sock counters={in={234i 21d 0n 55154B} out={21i 144d 9n 112535B}} local on-demand point-to-point flags={local-fields}
  faceid=262 remote=udp4://192.168.4.1:6363 local=udp4://192.168.4.2:6363 counters={in={0i 0d 0n 0B} out={0i 0d 0n 0B}} non-local persistent point-to-point flags={}
  faceid=294 remote=fd://29 local=unix:///run/nfd.sock counters={in={1i 0d 0n 50B} out={0i 0d 0n 0B}} local on-demand point-to-point flags={}
jdd@vm12c07v02:~/ndnrtc$ ndnpingserver /ndn/edu/wustl/jdd
PING SERVER /ndn/edu/wustl/jdd
^C
--- ping server /ndn/edu/wustl/jdd ---
0 packets processed
jdd@vm12c07v02:~/ndnrtc$ ndnpingserver /ndn/edu/wustl/jdd
PING SERVER /ndn/edu/wustl/jdd
^C
--- ping server /ndn/edu/wustl/jdd ---
0 packets processed
jdd@vm12c07v02:~/ndnrtc$ ndnpingserver  --help
Usage: ndnpingserver [options] ndn:/name/prefix

Starts a NDN ping server that responds to Interests under name ndn:/name/prefix/ping.

Allowed options:
  -h [ --help ]          print this message and exit
  -V [ --version ]       display version and exit
  -x [ --freshness ] arg set freshness period in milliseconds (minimum 1000 ms)
  -p [ --satisfy ] arg   set maximum number of pings to be satisfied
  -t [ --timestamp ]     log timestamp with responses
  -s [ --size ] arg      specify size of response payload
jdd@vm12c07v02:~/ndnrtc$ ndnpingserver /ndn/edu/wustl/jdd^C
jdd@vm12c07v02:~/ndnrtc$ nfdc face ^C
jdd@vm12c07v02:~/ndnrtc$ nfdc fib list
FIB:
  / nexthops={faceid=262 (cost=0)}
  /localhost/nfd/rib nexthops={faceid=260 (cost=0)}
  /localhop/nfd nexthops={faceid=262 (cost=0)}
  /localhop/nfd/rib nexthops={faceid=260 (cost=0)}
  /localhost/nfd nexthops={faceid=1 (cost=0), faceid=262 (cost=0)}
jdd@vm12c07v02:~/ndnrtc$ nfdc unregister /localhop/nfd/rib
Usage:
nfdc [-h] [-V] COMMAND [<Command Options>]
       -h print usage and exit
       -V print version and exit

   COMMAND can be one of the following:
       register [-I] [-C] [-c cost] [-e expiration time] [-o origin] name <faceId | faceUri>
           register name to the given faceId or faceUri
           -I: unset CHILD_INHERIT flag
           -C: set CAPTURE flag
           -c: specify cost (default 0)
           -e: specify expiration time in ms
               (by default the entry remains in FIB for the lifetime of the associated face)
           -o: specify origin
               0 for Local producer applications, 128 for NLSR, 255(default) for static routes
       unregister [-o origin] name <faceId | faceUri>
           unregister name from the given faceId
       create [-P] <faceUri>
           Create a face in one of the following formats:
           UDP unicast:    udp[4|6]://<remote-IP-or-host>[:<remote-port>]
           TCP:            tcp[4|6]://<remote-IP-or-host>[:<remote-port>]
           -P: create permanent (instead of persistent) face
       destroy <faceId | faceUri>
           Destroy a face
       set-strategy <name> <strategy>
           Set the strategy for a namespace
       unset-strategy <name>
           Unset the strategy for a namespace
       add-nexthop [-c <cost>] <name> <faceId | faceUri>
           Add a nexthop to a FIB entry
           -c: specify cost (default 0)
       remove-nexthop <name> <faceId | faceUri>
           Remove a nexthop from a FIB entry

jdd@vm12c07v02:~/ndnrtc$ nfdc fib list
FIB:
  / nexthops={faceid=262 (cost=0)}
  /localhost/nfd/rib nexthops={faceid=260 (cost=0)}
  /localhop/nfd nexthops={faceid=262 (cost=0)}
  /localhop/nfd/rib nexthops={faceid=260 (cost=0)}
  /localhost/nfd nexthops={faceid=1 (cost=0), faceid=262 (cost=0)}
jdd@vm12c07v02:~/ndnrtc$ nfdc unregister /localhop/nfd/rib  260
Successful in unregistering name: ControlParameters(Name: /localhop/nfd/rib, FaceId: 260, Origin: 255, )
jdd@vm12c07v02:~/ndnrtc$ nfdc fib list
FIB:
  / nexthops={faceid=262 (cost=0)}
  /localhost/nfd/rib nexthops={faceid=260 (cost=0)}
  /localhop/nfd nexthops={faceid=262 (cost=0)}
  /localhop/nfd/rib nexthops={faceid=260 (cost=0)}
  /localhost/nfd nexthops={faceid=1 (cost=0), faceid=262 (cost=0)}
jdd@vm12c07v02:~/ndnrtc$ nfdc unregister /localhop/nfd/rib  260
Successful in unregistering name: ControlParameters(Name: /localhop/nfd/rib, FaceId: 260, Origin: 255, )
jdd@vm12c07v02:~/ndnrtc$ nfdc fib list
FIB:
  / nexthops={faceid=262 (cost=0)}
  /localhost/nfd/rib nexthops={faceid=260 (cost=0)}
  /localhop/nfd nexthops={faceid=262 (cost=0)}
  /localhop/nfd/rib nexthops={faceid=260 (cost=0)}
  /localhost/nfd nexthops={faceid=1 (cost=0), faceid=262 (cost=0)}
jdd@vm12c07v02:~/ndnrtc$ nfdc unregister /localhop/nfd/rib  260nf^C
jdd@vm12c07v02:~/ndnrtc$ nfdc register /localhop/nfd/rib udp4://192.168.4.1
Successful in name registration: ControlParameters(Name: /localhop/nfd/rib, FaceId: 262, Origin: 255, Cost: 0, Flags: 0x1, )
jdd@vm12c07v02:~/ndnrtc$ nfdc fib list
FIB:
  / nexthops={faceid=262 (cost=0)}
  /localhost/nfd/rib nexthops={faceid=260 (cost=0)}
  /localhop/nfd nexthops={faceid=262 (cost=0)}
  /localhop/nfd/rib nexthops={faceid=260 (cost=0), faceid=262 (cost=0)}

▽
#!/bin/bash

VERSION="0.5.1"

case "$1" in
  -h)
    echo Usage
    echo $0
    echo "  Start NFD"
    exit 0
"/usr/local/bin/nfd-start" [readonly] 62L, 1115C                                              1,1           Top
    echo "  Start NFD"
    exit 0
    ;;
  -V)
    echo $VERSION
    exit 0
    ;;
  "") ;; # do nothing
  *)
    echo "Unrecognized option $1"
                                                                                              9,5           15%
  *)
    echo "Unrecognized option $1"
    exit 1
    ;;
esac

hasProcess() {
  local processName=$1

  if pgrep -x $processName >/dev/null
                                                                                              17,3          30%
  /localhost/nfd nexthops={faceid=1 (cost=0), faceid=262 (cost=0)}
jdd@vm12c07v02:~/ndnrtc$ ndnpingserver /ndn/edu/wustl/jdd
PING SERVER /ndn/edu/wustl/jdd
^C
--- ping server /ndn/edu/wustl/jdd ---
0 packets processed
jdd@vm12c07v02:~/ndnrtc$ ^C
jdd@vm12c07v02:~/ndnrtc$ which nfd-start
/usr/local/bin/nfd-start
jdd@vm12c07v02:~/ndnrtc$ vi /usr/local/bin/nfd-start
jdd@vm12c07v02:~/ndnrtc$ nfd --help
Usage:

▽
;  The general section contains settings of nfd process.
general
{
  ; Specify a user and/or group for NFD to drop privileges to
  ; when not performing privileged tasks. NFD does not drop
  ; privileges by default.

  ; user ndn
  ; group ndn
}
/localhop
      type any
    }
  }

  ; localhop_security should be enabled when NFD runs on a hub.
  ; "/localhop/nfd/fib" command prefix will be disabled when localhop_security section is missing.
   localhop_security
   {
     ; This section defines the trust model for NFD RIB Management. It consists of rules and
     ; trust-anchors, which are briefly defined in this file.  For more information refer to
/localhop                                                                                     232,4         64%
       type any
       ;type file
       ;file-name keys/ndn-testbed-root.ndncert.base64
     }
   }

  ; The following localhop_security should be enabled when NFD runs on a hub,
  ; which accepts all remote registrations and is a short-term solution.
  ; localhop_security
  ; {
                                                                                              316,4         90%

  ; localhop_security should be enabled when NFD runs on a hub.
  ; "/localhop/nfd/fib" command prefix will be disabled when localhop_security section is missing.
   localhop_security
   {
     ; This section defines the trust model for NFD RIB Management. It consists of rules and
     ; trust-anchors, which are briefly defined in this file.  For more information refer to
     ; manpage of ndn-validator.conf:
     ;
     ;     man ndn-validator.conf
/localhop
    }
  }

  ; localhop_security should be enabled when NFD runs on a hub.
  ; "/localhop/nfd/fib" command prefix will be disabled when localhop_security section is missing.
   localhop_security
   {
     ; This section defines the trust model for NFD RIB Management. It consists of rules and
     ; trust-anchors, which are briefly defined in this file.  For more information refer to
     ; manpage of ndn-validator.conf:
                                                                                              232,4         65%
       type any
       ;type file
       ;file-name keys/ndn-testbed-root.ndncert.base64
     }
   Connection to vm12c07v02 closed.
jdd@onlusr:~/ICN/Emulated_NDN_Testbed_in_ONL/Full_Testbed/ndnrtc$
jdd@onlusr:~/ICN/Emulated_NDN_Testbed_in_ONL/Full_Testbed/ndnrtc$ s on a hub,
jdd@onlusr:~/ICN/Emulated_NDN_Testbed_in_ONL/Full_Testbed/ndnrtc$ clear.
  ; localhop_security
  ; {
                                                                                              316,4         90%
  nfd [options]
jdd@onlusr:~/ICN/Emulated_NDN_Testbed_in_ONL/Full_Testbed/ndnrtc$ ssh $h4x2^C
jdd@onlusr:~/ICN/Emulated_NDN_Testbed_in_ONL/Full_Testbed/ndnrtc$ source ~/.topology
jdd@onlusr:~/ICN/Emulated_NDN_Testbed_in_ONL/Full_Testbed/ndnrtc$ ssh $h4x2
jdd@vm12c07v04's password:
jdd@onlusr:~/ICN/Emulated_NDN_Testbed_in_ONL/Full_Testbed/ndnrtc$ ssh $h4x2
jdd@vm12c07v04's password:
Welcome to Ubuntu 14.04.3 LTS (GNU/Linux 3.19.0-25-generic x86_64)

 * Documentation:  https://help.ubuntu.com/

  System information as of Thu Jul  6 13:28:04 CDT 2017

  System load:  0.0                Processes:              83
  Usage of /:   47.4% of 15.62GB   Users logged in:        0
  Memory usage: 1%                 IP address for data1:   192.168.4.2
  Swap usage:   0%                 IP address for control: 10.0.24.148

  Graph this data and manage this system at:
    https://landscape.canonical.com/

187 packages can be updated.
114 updates are security updates.

Last login: Tue Dec 15 08:56:49 2015
jdd@vm12c07v04:~$ ls
add_vm_user.sh           init_vm_interface.sh  setup_control_interface.sh  vm_setup.sh
change_hostname.sh       lsb-base-logging.sh   setup_data_interfaces.sh
generate_data_config.sh  ndnrtc.tgz            setup_interfaces.sh
jdd@vm12c07v04:~$ tar -xzf ndnrtc.tgz
cd ndnrjdd@vm12c07v04:~$ cd ndnrtc
jdd@vm12c07v04:~/ndnrtc$ ls
libboost_chrono.so.1.54.0  libndn-cpp.so.0  rule.conf                         test-source-320x240.argb.tar.gz
libboost_regex.so.1.54.0   ndnrtc-client    sample-consumer.cfg
libboost_thread.so.1.54.0  params.cfg       sample-producer.cfg
libconfig++.so.9           README           test-source-1280x720.argb.tar.gz
jdd@vm12c07v04:~/ndnrtc$ ./ndnrtc-client -
./ndnrtc-client: error while loading shared libraries: libconfig++.so.9: cannot open shared object file: No such file or directory
jdd@vm12c07v04:~/ndnrtc$ sudo cp libconfig++.so.9 /usr/local/lib/
libChronoSync.so        libndn-cxx.so           libndn-cxx.so.0.5.1     python2.7/
libChronoSync.so.0.3.0  libndn-cxx.so.0.4.0     pkgconfig/              python3.4/
jdd@vm12c07v04:~/ndnrtc$ sudo cp libconfig++.so.9 /usr/local/lib/
libChronoSync.so        libndn-cxx.so           libndn-cxx.so.0.5.1     python2.7/
libChronoSync.so.0.3.0  libndn-cxx.so.0.4.0     pkgconfig/              python3.4/
jdd@vm12c07v04:~/ndnrtc$ sudo cp libconfig++.so.9 /usr/lib/
Display all 136 possibilities? (y or n)^C
jdd@vm12c07v04:~/ndnrtc$ ls /usr
bin  games  include  lib  local  sbin  share  src
jdd@vm12c07v04:~/ndnrtc$ which nfd
/usr/local/bin/nfd
jdd@vm12c07v04:~/ndnrtc$ ls /usr/local/lib/libndn-cxx.so^C
jdd@vm12c07v04:~/ndnrtc$ ls
libboost_chrono.so.1.54.0  libndn-cpp.so.0  rule.conf                         test-source-320x240.argb.tar.gz
libboost_regex.so.1.54.0   ndnrtc-client    sample-consumer.cfg
libboost_thread.so.1.54.0  params.cfg       sample-producer.cfg
libconfig++.so.9           README           test-source-1280x720.argb.tar.gz
jdd@vm12c07v04:~/ndnrtc$ ls /usr/local/lib/libboo^C
jdd@vm12c07v04:~/ndnrtc$ ls /usr/lib/libbo^C
jdd@vm12c07v04:~/ndnrtc$ ls / usr/^C
jdd@vm12c07v04:~/ndnrtc$ ls /usr/lib/x86_64-linux-gnu/^C
jdd@vm12c07v04:~/ndnrtc$ sudo cp libconfig++.so.9  /usr/lib/x86_64-linux-gnu/
sudo: unable to resolve host vm12c07v04
[sudo] password for jdd:
Sorry, try again.
[sudo] password for jdd:
sudo: 1 incorrect password attempt
jdd@vm12c07v04:~/ndnrtc$ sudo cp libconfig++.so.9  /usr/lib/x86_64-linux-gnu/
sudo: unable to resolve host vm12c07v04
[sudo] password for jdd:
jdd@vm12c07v04:~/ndnrtc$ ls
libboost_chrono.so.1.54.0  libndn-cpp.so.0  rule.conf                         test-source-320x240.argb.tar.gz
libboost_regex.so.1.54.0   ndnrtc-client    sample-consumer.cfg
libboost_thread.so.1.54.0  params.cfg       sample-producer.cfg
libconfig++.so.9           README           test-source-1280x720.argb.tar.gz
jdd@vm12c07v04:~/ndnrtc$ sudo cp libndn-cpp.so.0 /usr/lib/x86_64-linux-gnu/
sudo: unable to resolve host vm12c07v04
jdd@vm12c07v04:~/ndnrtc$ ./ndnrtc-client -
usage: ./ndnrtc-client -c <config file> -s <signing identity> -p <verification policy file> -t <app run time in seconds> [-n <statistics sample interval in milliseconds> -i <instance name> -v <verbose mode>]
jdd@vm12c07v04:~/ndnrtc$ history | grep cp
    9  sudo cp *.sh /etc
   11  sudo cp *.sh /etc
   72  sudo cp libconfig++.so.9  /usr/lib/x86_64-linux-gnu/
   74  sudo cp libndn-cpp.so.0 /usr/lib/x86_64-linux-gnu/
   76  history | grep cp
jdd@vm12c07v04:~/ndnrtc$
